******************************************************************************
                  TI ARM Linker PC v20.2.7                     
******************************************************************************
>> Linked Sun Sep 22 20:35:56 2024

OUTPUT FILE NAME:   <Lab_6 part2.out>
ENTRY POINT SYMBOL: "_c_int00_noargs"  address: 000005d5


MEMORY CONFIGURATION

         name            origin    length      used     unused   attr    fill
----------------------  --------  ---------  --------  --------  ----  --------
  FLASH                 00000000   00040000  00000676  0003f98a  R  X
  SRAM                  20000000   00008000  00000208  00007df8  RW X


SEGMENT ALLOCATION MAP

run origin  load origin   length   init length attrs members
----------  ----------- ---------- ----------- ----- -------
00000000    00000000    00000678   00000678    r-x
  00000000    00000000    0000026c   0000026c    r-- .intvecs
  0000026c    0000026c    000003da   000003da    r-x .text
  00000648    00000648    00000030   00000030    r-- .cinit
20000000    20000000    00000208   00000000    rw-
  20000000    20000000    00000200   00000000    rw- .stack
  20000200    20000200    00000004   00000000    rw- .bss
  20000204    20000204    00000004   00000000    rw- .data


SECTION ALLOCATION MAP

 output                                  attributes/
section   page    origin      length       input sections
--------  ----  ----------  ----------   ----------------
.intvecs   0    00000000    0000026c     
                  00000000    0000026c     tm4c123gh6pm_startup_ccs.obj (.intvecs)

.text      0    0000026c    000003da     
                  0000026c    00000220     main.obj (.text)
                  0000048c    0000009c     rtsv7M4_T_le_v4SPD16_eabi.lib : memcpy_t2.asm.obj (.text)
                  00000528    00000068                                   : copy_decompress_lzss.c.obj (.text:decompress:lzss:__TI_decompress_lzss)
                  00000590    00000044                                   : autoinit.c.obj (.text:__TI_auto_init_nobinit_nopinit:__TI_auto_init_nobinit_nopinit)
                  000005d4    00000034                                   : boot_cortex_m.c.obj (.text:_c_int00_noargs:_c_int00_noargs)
                  00000608    0000001c                                   : copy_zero_init.c.obj (.text:decompress:ZI:__TI_zero_init_nomemset:__TI_zero_init_nomemset)
                  00000624    0000000e                                   : copy_decompress_none.c.obj (.text:decompress:none:__TI_decompress_none)
                  00000632    0000000c     tm4c123gh6pm_startup_ccs.obj (.text)
                  0000063e    00000004     rtsv7M4_T_le_v4SPD16_eabi.lib : pre_init.c.obj (.text:_system_pre_init)
                  00000642    00000004                                   : exit.c.obj (.text:abort:abort)

.cinit     0    00000648    00000030     
                  00000648    0000000c     (__TI_handler_table)
                  00000654    00000004     --HOLE-- [fill = 0]
                  00000658    00000008     (.cinit..bss.load) [load image, compression = zero_init]
                  00000660    00000007     (.cinit..data.load) [load image, compression = lzss]
                  00000667    00000001     --HOLE-- [fill = 0]
                  00000668    00000010     (__TI_cinit_table)

.init_array 
*          0    00000000    00000000     UNINITIALIZED

.bss       0    20000200    00000004     UNINITIALIZED
                  20000200    00000004     (.common:duty)

.data      0    20000204    00000004     UNINITIALIZED
                  20000204    00000004     main.obj (.data)

.stack     0    20000000    00000200     UNINITIALIZED
                  20000000    00000004     rtsv7M4_T_le_v4SPD16_eabi.lib : boot_cortex_m.c.obj (.stack)
                  20000004    000001fc     --HOLE--

__llvm_prf_cnts 
*          0    20000000    00000000     UNINITIALIZED

MODULE SUMMARY

       Module                         code   ro data   rw data
       ------                         ----   -------   -------
    .\
       tm4c123gh6pm_startup_ccs.obj   12     620       0      
       main.obj                       544    0         8      
    +--+------------------------------+------+---------+---------+
       Total:                         556    620       8      
                                                              
    C:\ti\ccs1271\ccs\tools\compiler\ti-cgt-arm_20.2.7.LTS\lib\rtsv7M4_T_le_v4SPD16_eabi.lib
       memcpy_t2.asm.obj              156    0         0      
       copy_decompress_lzss.c.obj     104    0         0      
       autoinit.c.obj                 68     0         0      
       boot_cortex_m.c.obj            52     0         0      
       copy_zero_init.c.obj           28     0         0      
       copy_decompress_none.c.obj     14     0         0      
       exit.c.obj                     4      0         0      
       pre_init.c.obj                 4      0         0      
    +--+------------------------------+------+---------+---------+
       Total:                         430    0         0      
                                                              
       Stack:                         0      0         512    
       Linker Generated:              0      43        0      
    +--+------------------------------+------+---------+---------+
       Grand Total:                   986    663       520    


LINKER GENERATED COPY TABLES

__TI_cinit_table @ 00000668 records: 2, size/record: 8, table size: 16
	.bss: load addr=00000658, load size=00000008 bytes, run addr=20000200, run size=00000004 bytes, compression=zero_init
	.data: load addr=00000660, load size=00000007 bytes, run addr=20000204, run size=00000004 bytes, compression=lzss


LINKER GENERATED HANDLER TABLE

__TI_handler_table @ 00000648 records: 3, size/record: 4, table size: 12
	index: 0, handler: __TI_decompress_lzss
	index: 1, handler: __TI_decompress_none
	index: 2, handler: __TI_zero_init


GLOBAL SYMBOLS: SORTED ALPHABETICALLY BY Name 

address   name                          
-------   ----                          
00000643  C$$EXIT                       
0000026d  GPIO_PORTF_setup              
000002e7  PWM_setup                     
00000369  Portf_interrupt_handler       
00000633  ResetISR                      
20000200  __STACK_END                   
00000200  __STACK_SIZE                  
20000200  __STACK_TOP                   
00000668  __TI_CINIT_Base               
00000678  __TI_CINIT_Limit              
00000648  __TI_Handler_Table_Base       
00000654  __TI_Handler_Table_Limit      
00000591  __TI_auto_init_nobinit_nopinit
00000529  __TI_decompress_lzss          
00000625  __TI_decompress_none          
ffffffff  __TI_pprof_out_hndl           
ffffffff  __TI_prof_data_size           
ffffffff  __TI_prof_data_start          
00000000  __TI_static_base__            
00000609  __TI_zero_init_nomemset       
0000048d  __aeabi_memcpy                
0000048d  __aeabi_memcpy4               
0000048d  __aeabi_memcpy8               
ffffffff  __binit__                     
ffffffff  __c_args__                    
UNDEFED   __mpu_init                    
20000000  __stack                       
20000000  __start___llvm_prf_cnts       
20000000  __stop___llvm_prf_cnts        
000005d5  _c_int00_noargs               
UNDEFED   _system_post_cinit            
0000063f  _system_pre_init              
00000643  abort                         
ffffffff  binit                         
20000200  duty                          
00000000  g_pfnVectors                  
20000204  i                             
00000343  main                          
0000048d  memcpy                        


GLOBAL SYMBOLS: SORTED BY Symbol Address 

address   name                          
-------   ----                          
00000000  __TI_static_base__            
00000000  g_pfnVectors                  
00000200  __STACK_SIZE                  
0000026d  GPIO_PORTF_setup              
000002e7  PWM_setup                     
00000343  main                          
00000369  Portf_interrupt_handler       
0000048d  __aeabi_memcpy                
0000048d  __aeabi_memcpy4               
0000048d  __aeabi_memcpy8               
0000048d  memcpy                        
00000529  __TI_decompress_lzss          
00000591  __TI_auto_init_nobinit_nopinit
000005d5  _c_int00_noargs               
00000609  __TI_zero_init_nomemset       
00000625  __TI_decompress_none          
00000633  ResetISR                      
0000063f  _system_pre_init              
00000643  C$$EXIT                       
00000643  abort                         
00000648  __TI_Handler_Table_Base       
00000654  __TI_Handler_Table_Limit      
00000668  __TI_CINIT_Base               
00000678  __TI_CINIT_Limit              
20000000  __stack                       
20000000  __start___llvm_prf_cnts       
20000000  __stop___llvm_prf_cnts        
20000200  __STACK_END                   
20000200  __STACK_TOP                   
20000200  duty                          
20000204  i                             
ffffffff  __TI_pprof_out_hndl           
ffffffff  __TI_prof_data_size           
ffffffff  __TI_prof_data_start          
ffffffff  __binit__                     
ffffffff  __c_args__                    
ffffffff  binit                         
UNDEFED   __mpu_init                    
UNDEFED   _system_post_cinit            

[39 symbols]
